· Creating environments
· Discovering benchmarks
·· Uninstalling from virtualenv-py3.13
·· Building 44d90d51 <main> for virtualenv-py3.13
·· Installing 44d90d51 <main> into virtualenv-py3.13
· Running 300 total benchmarks (5 commits * 1 environments * 60 benchmarks)
[ 0.00%] · For xDSL commit 44d90d51 <main>:
[ 0.00%] ·· Benchmarking virtualenv-py3.13
[ 0.17%] ··· Running (imports.ImportDialects.time_all_constant_load--)..........................
[ 4.50%] ··· Running (printer.Printer.time_constant_100--)..................................
[10.17%] ··· imports.ImportDialects.time_all_constant_load           23.0±0.5ms
[10.33%] ··· ...ts.ImportInterpreters.time_all_constant_load        28.2±0.04ms
[10.50%] ··· imports.ImportXDSL.time_import_xdsl                      103±0.5μs
[10.67%] ··· lexer.Lexer.time_constant_100                          2.35±0.04ms
[10.83%] ··· lexer.Lexer.time_constant_1000                          22.8±0.2ms
[11.00%] ··· lexer.Lexer.time_empty_program                            43.8±1μs
[11.17%] ··· llvm_backend.LLVMBackend.time_convert_module           4.77±0.05ms
[11.33%] ··· ...enchmarks.Extensibility.time_interface_check        58.4±0.06ns
[11.50%] ··· ...rks.Extensibility.time_interface_check_trait           58.9±1ns
[11.67%] ··· microbenchmarks.Extensibility.time_trait_check             742±3ns
[11.83%] ··· ...enchmarks.Extensibility.time_trait_check_neg        1.79±0.03μs
[12.00%] ··· ...hmarks.Extensibility.time_trait_check_single            567±3ns
[12.17%] ··· ...enchmarks.IRTraversal.time_iterate_block_ops            122±1μs
[12.33%] ··· microbenchmarks.IRTraversal.time_iterate_ops           11.0±0.01μs
[12.50%] ··· microbenchmarks.IRTraversal.time_walk_block_ops            390±4μs
[12.67%] ··· microbenchmarks.OpCreation.time_operation_build         17.3±0.1μs
[12.83%] ··· microbenchmarks.OpCreation.time_operation_clone        1.19±0.03ms
[13.00%] ··· ...marks.OpCreation.time_operation_clone_single        10.2±0.06μs
[13.17%] ··· ...ks.OpCreation.time_operation_constant_create        1.68±0.01μs
[13.33%] ··· ...arks.OpCreation.time_operation_constant_init        27.9±0.05μs
[13.50%] ··· ...obenchmarks.OpCreation.time_operation_create         5.62±0.2μs
[13.67%] ··· ...s.OpCreation.time_operation_create_optimised            606±7ns
[13.83%] ··· parser.Parser.time_constant_100                        12.2±0.05ms
[14.00%] ··· parser.Parser.time_constant_1000                         119±0.6ms
[14.17%] ··· parser.Parser.time_large_constant_tensor                   109±3ms
[14.33%] ··· printer.Printer.time_constant_0                         47.2±0.2μs
[14.50%] ··· printer.Printer.time_constant_100                      1.83±0.02ms
[14.67%] ··· printer.Printer.time_constant_1000                      18.4±0.1ms
[14.83%] ··· printer.Printer.time_dense_attr                         89.0±0.5ms
[15.00%] ··· ...Canonicalization.time_const_evaluate_operand         2.20±0.1μs
[15.17%] ··· ...nonicalization.time_handle_operation_removal          671±500ns
[15.33%] ··· ....Canonicalization.time_integer_attr_creation         21.2±0.2μs
[15.50%] ··· ...ng.Canonicalization.time_integer_attr_verify         4.78±0.2μs
[15.67%] ··· ...alization.time_integer_type_normalized_value        1.56±0.06μs
[15.83%] ··· ...ing.Canonicalization.time_irwithuses_add_use          816±300ns
[16.00%] ··· ...iting.Canonicalization.time_operation_create         38.3±0.9μs
[16.17%] ··· rewriting.Canonicalization.time_ssavalue_erase            8.94±3μs
[16.33%] ··· ...ing.Canonicalization.time_ssavalue_name_hint         2.90±0.8μs
[16.50%] ··· ...ng.Canonicalization.time_ssavalue_replace_by           9.90±6μs
[16.67%] ··· ...ng.ConstantFolding.time_constant_folding_100         6.33±0.1ms
[16.83%] ··· ...g.ConstantFolding.time_constant_folding_1000         57.5±0.5ms
[17.00%] ··· ...ing.ConstantFolding.time_constant_folding_20        1.61±0.04ms
[17.17%] ··· ...stantFolding.time_constant_folding_simple_20        1.05±0.08ms
[17.33%] ··· ...Folding.time_constant_folding_specialised_20            174±7μs
[17.50%] ··· rewriting.PatternRewriting.time_get_trait               1.57±0.1μs
[17.67%] ··· ...ng.PatternRewriting.time_insert_point_before        1.23±0.04μs
[17.83%] ··· rewriting.PatternRewriting.time_region_walk            13.3±0.08μs
[18.00%] ··· ...g.PatternRewriting.time_verify_variadic_size         4.06±0.1μs
[18.17%] ··· rewriting.PatternRewriting.time_worklist_pop            1.27±0.5μs
[18.33%] ··· rewriting.PatternRewriting.time_worklist_push           1.40±0.3μs
[18.50%] ··· rewriting.RegionDCE.time_liveset_delete_dead               106±6μs
[18.67%] ··· rewriting.RegionDCE.time_liveset_set_live               1.34±0.7μs
[18.83%] ··· rewriting.RegionDCE.time_post_order_iterator            6.64±0.2μs
[19.00%] ··· rewriting.RemoveUnused.time_is_trivially_dead          1.07±0.06μs
[19.17%] ··· ...moveUnused.time_operation_get_traits_of_type        1.50±0.08μs
[19.33%] ··· rewriting.RemoveUnused.time_result_only_effects         5.00±0.3μs
[19.50%] ··· ...ng.RemoveUnused.time_would_be_trivially_dead         8.07±0.4μs
[19.67%] ··· verifier.Verifier.time_constant_100                    2.40±0.02ms
[19.83%] ··· verifier.Verifier.time_constant_1000                    23.2±0.5ms
[20.00%] ··· verifier.Verifier.time_dense_attr_hex                   50.4±0.3μs
[20.00%] · For xDSL commit aa050f66 <main~1>:
[20.00%] ·· Building for virtualenv-py3.13
[20.00%] ·· Benchmarking virtualenv-py3.13
[20.17%] ··· Running (imports.ImportDialects.time_all_constant_load--)..........................
[24.50%] ··· Running (printer.Printer.time_constant_100--)..................................
[30.17%] ··· imports.ImportDialects.time_all_constant_load           22.3±0.4ms
[30.33%] ··· ...ts.ImportInterpreters.time_all_constant_load         27.9±0.8ms
[30.50%] ··· imports.ImportXDSL.time_import_xdsl                        104±2μs
[30.67%] ··· lexer.Lexer.time_constant_100                          2.31±0.01ms
[30.83%] ··· lexer.Lexer.time_constant_1000                          23.1±0.5ms
[31.00%] ··· lexer.Lexer.time_empty_program                          43.6±0.3μs
[31.17%] ··· llvm_backend.LLVMBackend.time_convert_module           4.62±0.07ms
[31.33%] ··· ...enchmarks.Extensibility.time_interface_check        60.2±0.03ns
[31.50%] ··· ...rks.Extensibility.time_interface_check_trait         60.4±0.9ns
[31.67%] ··· microbenchmarks.Extensibility.time_trait_check             753±1ns
[31.83%] ··· ...enchmarks.Extensibility.time_trait_check_neg        1.74±0.02μs
[32.00%] ··· ...hmarks.Extensibility.time_trait_check_single            572±6ns
[32.17%] ··· ...enchmarks.IRTraversal.time_iterate_block_ops          124±0.9μs
[32.33%] ··· microbenchmarks.IRTraversal.time_iterate_ops            11.6±0.5μs
[32.50%] ··· microbenchmarks.IRTraversal.time_walk_block_ops            384±1μs
[32.67%] ··· microbenchmarks.OpCreation.time_operation_build         17.3±0.2μs
[32.83%] ··· microbenchmarks.OpCreation.time_operation_clone        1.19±0.01ms
[33.00%] ··· ...marks.OpCreation.time_operation_clone_single         10.5±0.3μs
[33.17%] ··· ...ks.OpCreation.time_operation_constant_create        1.70±0.02μs
[33.33%] ··· ...arks.OpCreation.time_operation_constant_init           28.3±1μs
[33.50%] ··· ...obenchmarks.OpCreation.time_operation_create        5.72±0.01μs
[33.67%] ··· ...s.OpCreation.time_operation_create_optimised            558±7ns
[33.83%] ··· parser.Parser.time_constant_100                        12.1±0.07ms
[34.00%] ··· parser.Parser.time_constant_1000                         117±0.2ms
[34.17%] ··· parser.Parser.time_large_constant_tensor                   105±1ms
[34.33%] ··· printer.Printer.time_constant_0                        46.9±0.07μs
[34.50%] ··· printer.Printer.time_constant_100                      1.85±0.01ms
[34.67%] ··· printer.Printer.time_constant_1000                      18.0±0.2ms
[34.83%] ··· printer.Printer.time_dense_attr                         88.6±0.3ms
[35.00%] ··· ...Canonicalization.time_const_evaluate_operand        2.22±0.07μs
[35.17%] ··· ...nonicalization.time_handle_operation_removal          670±300ns
[35.33%] ··· ....Canonicalization.time_integer_attr_creation         20.6±0.8μs
[35.50%] ··· ...ng.Canonicalization.time_integer_attr_verify        4.96±0.06μs
[35.67%] ··· ...alization.time_integer_type_normalized_value         1.62±0.1μs
[35.83%] ··· ...ing.Canonicalization.time_irwithuses_add_use          801±300ns
[36.00%] ··· ...iting.Canonicalization.time_operation_create         35.4±0.4μs
[36.17%] ··· rewriting.Canonicalization.time_ssavalue_erase            8.25±2μs
[36.33%] ··· ...ing.Canonicalization.time_ssavalue_name_hint         2.79±0.7μs
[36.50%] ··· ...ng.Canonicalization.time_ssavalue_replace_by           7.84±5μs
[36.67%] ··· ...ng.ConstantFolding.time_constant_folding_100         6.44±0.1ms
[36.83%] ··· ...g.ConstantFolding.time_constant_folding_1000         57.2±0.4ms
[37.00%] ··· ...ing.ConstantFolding.time_constant_folding_20        1.51±0.04ms
[37.17%] ··· ...stantFolding.time_constant_folding_simple_20           888±20μs
[37.33%] ··· ...Folding.time_constant_folding_specialised_20            151±6μs
[37.50%] ··· rewriting.PatternRewriting.time_get_trait              1.37±0.08μs
[37.67%] ··· ...ng.PatternRewriting.time_insert_point_before        1.21±0.03μs
[37.83%] ··· rewriting.PatternRewriting.time_region_walk             12.8±0.3μs
[38.00%] ··· ...g.PatternRewriting.time_verify_variadic_size         4.29±0.1μs
[38.17%] ··· rewriting.PatternRewriting.time_worklist_pop            1.10±0.5μs
[38.33%] ··· rewriting.PatternRewriting.time_worklist_push           1.21±0.8μs
[38.50%] ··· rewriting.RegionDCE.time_liveset_delete_dead               109±8μs
[38.67%] ··· rewriting.RegionDCE.time_liveset_set_live               1.42±0.5μs
[38.83%] ··· rewriting.RegionDCE.time_post_order_iterator            6.55±0.4μs
[39.00%] ··· rewriting.RemoveUnused.time_is_trivially_dead          1.09±0.08μs
[39.17%] ··· ...moveUnused.time_operation_get_traits_of_type        1.54±0.07μs
[39.33%] ··· rewriting.RemoveUnused.time_result_only_effects         4.94±0.1μs
[39.50%] ··· ...ng.RemoveUnused.time_would_be_trivially_dead         8.13±0.4μs
[39.67%] ··· verifier.Verifier.time_constant_100                    2.35±0.01ms
[39.83%] ··· verifier.Verifier.time_constant_1000                    23.0±0.1ms
[40.00%] ··· verifier.Verifier.time_dense_attr_hex                   48.7±0.2μs
[40.00%] · For xDSL commit f686bddf <main~2>:
[40.00%] ·· Building for virtualenv-py3.13
[40.00%] ·· Benchmarking virtualenv-py3.13
[40.17%] ··· Running (imports.ImportDialects.time_all_constant_load--)..........................
[44.50%] ··· Running (printer.Printer.time_constant_100--)..................................
[50.17%] ··· imports.ImportDialects.time_all_constant_load           22.3±0.3ms
[50.33%] ··· ...ts.ImportInterpreters.time_all_constant_load           28.0±2ms
[50.50%] ··· imports.ImportXDSL.time_import_xdsl                        103±2μs
[50.67%] ··· lexer.Lexer.time_constant_100                          2.34±0.02ms
[50.83%] ··· lexer.Lexer.time_constant_1000                            24.0±1ms
[51.00%] ··· lexer.Lexer.time_empty_program                            43.1±1μs
[51.17%] ··· llvm_backend.LLVMBackend.time_convert_module           4.53±0.02ms
[51.33%] ··· ...enchmarks.Extensibility.time_interface_check           62.5±2ns
[51.50%] ··· ...rks.Extensibility.time_interface_check_trait         59.7±0.8ns
[51.67%] ··· microbenchmarks.Extensibility.time_trait_check            759±10ns
[51.83%] ··· ...enchmarks.Extensibility.time_trait_check_neg        1.80±0.04μs
[52.00%] ··· ...hmarks.Extensibility.time_trait_check_single            559±2ns
[52.17%] ··· ...enchmarks.IRTraversal.time_iterate_block_ops          126±0.9μs
[52.33%] ··· microbenchmarks.IRTraversal.time_iterate_ops           11.1±0.06μs
[52.50%] ··· microbenchmarks.IRTraversal.time_walk_block_ops            384±8μs
[52.67%] ··· microbenchmarks.OpCreation.time_operation_build         17.5±0.4μs
[52.83%] ··· microbenchmarks.OpCreation.time_operation_clone        1.17±0.01ms
[53.00%] ··· ...marks.OpCreation.time_operation_clone_single        10.1±0.05μs
[53.17%] ··· ...ks.OpCreation.time_operation_constant_create           1.69±0μs
[53.33%] ··· ...arks.OpCreation.time_operation_constant_init           28.3±1μs
[53.50%] ··· ...obenchmarks.OpCreation.time_operation_create         5.68±0.2μs
[53.67%] ··· ...s.OpCreation.time_operation_create_optimised           565±30ns
[53.83%] ··· parser.Parser.time_constant_100                        12.2±0.03ms
[54.00%] ··· parser.Parser.time_constant_1000                         120±0.5ms
[54.17%] ··· parser.Parser.time_large_constant_tensor                   109±4ms
[54.33%] ··· printer.Printer.time_constant_0                         47.0±0.2μs
[54.50%] ··· printer.Printer.time_constant_100                      1.82±0.01ms
[54.67%] ··· printer.Printer.time_constant_1000                     17.8±0.03ms
[54.83%] ··· printer.Printer.time_dense_attr                           88.0±2ms
[55.00%] ··· ...Canonicalization.time_const_evaluate_operand         2.10±0.1μs
[55.17%] ··· ...nonicalization.time_handle_operation_removal          696±300ns
[55.33%] ··· ....Canonicalization.time_integer_attr_creation         20.1±0.3μs
[55.50%] ··· ...ng.Canonicalization.time_integer_attr_verify        5.13±0.08μs
[55.67%] ··· ...alization.time_integer_type_normalized_value        1.59±0.06μs
[55.83%] ··· ...ing.Canonicalization.time_irwithuses_add_use          872±300ns
[56.00%] ··· ...iting.Canonicalization.time_operation_create         35.5±0.3μs
[56.17%] ··· rewriting.Canonicalization.time_ssavalue_erase            8.73±2μs
[56.33%] ··· ...ing.Canonicalization.time_ssavalue_name_hint         2.67±0.7μs
[56.50%] ··· ...ng.Canonicalization.time_ssavalue_replace_by           7.85±2μs
[56.67%] ··· ...ng.ConstantFolding.time_constant_folding_100         6.25±0.1ms
[56.83%] ··· ...g.ConstantFolding.time_constant_folding_1000         56.5±0.3ms
[57.00%] ··· ...ing.ConstantFolding.time_constant_folding_20        1.54±0.04ms
[57.17%] ··· ...stantFolding.time_constant_folding_simple_20           889±30μs
[57.33%] ··· ...Folding.time_constant_folding_specialised_20            153±5μs
[57.50%] ··· rewriting.PatternRewriting.time_get_trait              1.51±0.03μs
[57.67%] ··· ...ng.PatternRewriting.time_insert_point_before        1.22±0.03μs
[57.83%] ··· rewriting.PatternRewriting.time_region_walk             12.9±0.1μs
[58.00%] ··· ...g.PatternRewriting.time_verify_variadic_size         4.30±0.2μs
[58.17%] ··· rewriting.PatternRewriting.time_worklist_pop            1.45±0.5μs
[58.33%] ··· rewriting.PatternRewriting.time_worklist_push           1.25±0.3μs
[58.50%] ··· rewriting.RegionDCE.time_liveset_delete_dead               108±8μs
[58.67%] ··· rewriting.RegionDCE.time_liveset_set_live               1.29±0.5μs
[58.83%] ··· rewriting.RegionDCE.time_post_order_iterator            6.22±0.6μs
[59.00%] ··· rewriting.RemoveUnused.time_is_trivially_dead           1.10±0.1μs
[59.17%] ··· ...moveUnused.time_operation_get_traits_of_type        1.62±0.07μs
[59.33%] ··· rewriting.RemoveUnused.time_result_only_effects         5.08±0.2μs
[59.50%] ··· ...ng.RemoveUnused.time_would_be_trivially_dead         8.26±0.3μs
[59.67%] ··· verifier.Verifier.time_constant_100                    2.37±0.01ms
[59.83%] ··· verifier.Verifier.time_constant_1000                    23.1±0.3ms
[60.00%] ··· verifier.Verifier.time_dense_attr_hex                     48.8±1μs
[60.00%] · For xDSL commit 10541309 <main~3>:
[60.00%] ·· Building for virtualenv-py3.13
[60.00%] ·· Benchmarking virtualenv-py3.13
[60.17%] ··· Running (imports.ImportDialects.time_all_constant_load--)..........................
[64.50%] ··· Running (printer.Printer.time_constant_100--)..................................
[70.17%] ··· imports.ImportDialects.time_all_constant_load           22.1±0.4ms
[70.33%] ··· ...ts.ImportInterpreters.time_all_constant_load        27.4±0.06ms
[70.50%] ··· imports.ImportXDSL.time_import_xdsl                      100±0.3μs
[70.67%] ··· lexer.Lexer.time_constant_100                          2.32±0.03ms
[70.83%] ··· lexer.Lexer.time_constant_1000                          23.1±0.5ms
[71.00%] ··· lexer.Lexer.time_empty_program                          42.5±0.1μs
[71.17%] ··· llvm_backend.LLVMBackend.time_convert_module           4.66±0.05ms
[71.33%] ··· ...enchmarks.Extensibility.time_interface_check         58.7±0.7ns
[71.50%] ··· ...rks.Extensibility.time_interface_check_trait         57.9±0.5ns
[71.67%] ··· microbenchmarks.Extensibility.time_trait_check             746±9ns
[71.83%] ··· ...enchmarks.Extensibility.time_trait_check_neg           1.75±0μs
[72.00%] ··· ...hmarks.Extensibility.time_trait_check_single            571±5ns
[72.17%] ··· ...enchmarks.IRTraversal.time_iterate_block_ops          122±0.3μs
[72.33%] ··· microbenchmarks.IRTraversal.time_iterate_ops            11.5±0.6μs
[72.50%] ··· microbenchmarks.IRTraversal.time_walk_block_ops            388±1μs
[72.67%] ··· microbenchmarks.OpCreation.time_operation_build         16.6±0.2μs
[72.83%] ··· microbenchmarks.OpCreation.time_operation_clone        1.21±0.02ms
[73.00%] ··· ...marks.OpCreation.time_operation_clone_single        10.3±0.02μs
[73.17%] ··· ...ks.OpCreation.time_operation_constant_create        1.76±0.04μs
[73.33%] ··· ...arks.OpCreation.time_operation_constant_init         27.9±0.2μs
[73.50%] ··· ...obenchmarks.OpCreation.time_operation_create         5.79±0.2μs
[73.67%] ··· ...s.OpCreation.time_operation_create_optimised            589±1ns
[73.83%] ··· parser.Parser.time_constant_100                         12.2±0.2ms
[74.00%] ··· parser.Parser.time_constant_1000                         118±0.9ms
[74.17%] ··· parser.Parser.time_large_constant_tensor                   109±1ms
[74.33%] ··· printer.Printer.time_constant_0                         47.4±0.2μs
[74.50%] ··· printer.Printer.time_constant_100                      1.91±0.04ms
[74.67%] ··· printer.Printer.time_constant_1000                      17.9±0.1ms
[74.83%] ··· printer.Printer.time_dense_attr                         88.7±0.4ms
[75.00%] ··· ...Canonicalization.time_const_evaluate_operand         2.11±0.1μs
[75.17%] ··· ...nonicalization.time_handle_operation_removal          631±300ns
[75.33%] ··· ....Canonicalization.time_integer_attr_creation         20.8±0.4μs
[75.50%] ··· ...ng.Canonicalization.time_integer_attr_verify         4.97±0.1μs
[75.67%] ··· ...alization.time_integer_type_normalized_value         1.58±0.1μs
[75.83%] ··· ...ing.Canonicalization.time_irwithuses_add_use          791±300ns
[76.00%] ··· ...iting.Canonicalization.time_operation_create         35.6±0.9μs
[76.17%] ··· rewriting.Canonicalization.time_ssavalue_erase            8.70±2μs
[76.33%] ··· ...ing.Canonicalization.time_ssavalue_name_hint           3.30±1μs
[76.50%] ··· ...ng.Canonicalization.time_ssavalue_replace_by           8.41±2μs
[76.67%] ··· ...ng.ConstantFolding.time_constant_folding_100         6.23±0.1ms
[76.83%] ··· ...g.ConstantFolding.time_constant_folding_1000         58.1±0.6ms
[77.00%] ··· ...ing.ConstantFolding.time_constant_folding_20        1.53±0.02ms
[77.17%] ··· ...stantFolding.time_constant_folding_simple_20           899±20μs
[77.33%] ··· ...Folding.time_constant_folding_specialised_20            163±7μs
[77.50%] ··· rewriting.PatternRewriting.time_get_trait               1.39±0.1μs
[77.67%] ··· ...ng.PatternRewriting.time_insert_point_before        1.26±0.03μs
[77.83%] ··· rewriting.PatternRewriting.time_region_walk             12.5±0.3μs
[78.00%] ··· ...g.PatternRewriting.time_verify_variadic_size         4.06±0.2μs
[78.17%] ··· rewriting.PatternRewriting.time_worklist_pop            1.11±0.5μs
[78.33%] ··· rewriting.PatternRewriting.time_worklist_push           1.26±0.4μs
[78.50%] ··· rewriting.RegionDCE.time_liveset_delete_dead               116±7μs
[78.67%] ··· rewriting.RegionDCE.time_liveset_set_live               1.41±0.5μs
[78.83%] ··· rewriting.RegionDCE.time_post_order_iterator            6.32±0.2μs
[79.00%] ··· rewriting.RemoveUnused.time_is_trivially_dead          1.04±0.04μs
[79.17%] ··· ...moveUnused.time_operation_get_traits_of_type        1.53±0.07μs
[79.33%] ··· rewriting.RemoveUnused.time_result_only_effects         4.91±0.1μs
[79.50%] ··· ...ng.RemoveUnused.time_would_be_trivially_dead         8.69±0.3μs
[79.67%] ··· verifier.Verifier.time_constant_100                       2.36±0ms
[79.83%] ··· verifier.Verifier.time_constant_1000                    23.3±0.3ms
[80.00%] ··· verifier.Verifier.time_dense_attr_hex                   48.7±0.5μs
[80.00%] · For xDSL commit cab65b29 <v0.72.0>:
[80.00%] ·· Building for virtualenv-py3.13
[80.00%] ·· Benchmarking virtualenv-py3.13
[80.17%] ··· Running (imports.ImportDialects.time_all_constant_load--)...........................
[84.67%] ··· Running (printer.Printer.time_constant_1000--).................................
[90.17%] ··· imports.ImportDialects.time_all_constant_load           22.2±0.4ms
[90.33%] ··· ...ts.ImportInterpreters.time_all_constant_load        27.2±0.08ms
[90.50%] ··· imports.ImportXDSL.time_import_xdsl                     99.9±0.3μs
[90.67%] ··· lexer.Lexer.time_constant_100                          2.36±0.02ms
[90.83%] ··· lexer.Lexer.time_constant_1000                          23.2±0.2ms
[91.00%] ··· lexer.Lexer.time_empty_program                          43.5±0.1μs
[91.17%] ··· llvm_backend.LLVMBackend.time_convert_module           4.56±0.02ms
[91.33%] ··· ...enchmarks.Extensibility.time_interface_check           58.7±1ns
[91.50%] ··· ...rks.Extensibility.time_interface_check_trait        58.5±0.08ns
[91.67%] ··· microbenchmarks.Extensibility.time_trait_check            802±20ns
[91.83%] ··· ...enchmarks.Extensibility.time_trait_check_neg        1.78±0.01μs
[92.00%] ··· ...hmarks.Extensibility.time_trait_check_single            563±3ns
[92.17%] ··· ...enchmarks.IRTraversal.time_iterate_block_ops          124±0.4μs
[92.33%] ··· microbenchmarks.IRTraversal.time_iterate_ops            11.6±0.6μs
[92.50%] ··· microbenchmarks.IRTraversal.time_walk_block_ops          384±0.3μs
[92.67%] ··· microbenchmarks.OpCreation.time_operation_build        17.1±0.08μs
[92.83%] ··· microbenchmarks.OpCreation.time_operation_clone        1.16±0.01ms
[93.00%] ··· ...marks.OpCreation.time_operation_clone_single         10.4±0.3μs
[93.17%] ··· ...ks.OpCreation.time_operation_constant_create        1.67±0.01μs
[93.33%] ··· ...arks.OpCreation.time_operation_constant_init         27.6±0.2μs
[93.50%] ··· ...obenchmarks.OpCreation.time_operation_create         5.48±0.1μs
[93.67%] ··· ...s.OpCreation.time_operation_create_optimised            582±8ns
[93.83%] ··· parser.Parser.time_constant_100                        12.1±0.09ms
[94.00%] ··· parser.Parser.time_constant_1000                         118±0.2ms
[94.17%] ··· parser.Parser.time_large_constant_tensor                   106±2ms
[94.33%] ··· printer.Printer.time_constant_0                         47.3±0.2μs
[94.50%] ··· printer.Printer.time_constant_100                      1.82±0.01ms
[94.67%] ··· printer.Printer.time_constant_1000                     18.0±0.04ms
[94.83%] ··· printer.Printer.time_dense_attr                         89.9±0.6ms
[95.00%] ··· ...Canonicalization.time_const_evaluate_operand         2.18±0.1μs
[95.17%] ··· ...nonicalization.time_handle_operation_removal          625±400ns
[95.33%] ··· ....Canonicalization.time_integer_attr_creation           20.6±4μs
[95.50%] ··· ...ng.Canonicalization.time_integer_attr_verify         5.02±0.2μs
[95.67%] ··· ...alization.time_integer_type_normalized_value        1.58±0.06μs
[95.83%] ··· ...ing.Canonicalization.time_irwithuses_add_use          876±200ns
[96.00%] ··· ...iting.Canonicalization.time_operation_create         35.1±0.5μs
[96.17%] ··· rewriting.Canonicalization.time_ssavalue_erase            8.61±2μs
[96.33%] ··· ...ing.Canonicalization.time_ssavalue_name_hint         3.20±0.8μs
[96.50%] ··· ...ng.Canonicalization.time_ssavalue_replace_by           7.81±2μs
[96.67%] ··· ...ng.ConstantFolding.time_constant_folding_100         6.45±0.2ms
[96.83%] ··· ...g.ConstantFolding.time_constant_folding_1000         57.3±0.3ms
[97.00%] ··· ...ing.ConstantFolding.time_constant_folding_20        1.54±0.03ms
[97.17%] ··· ...stantFolding.time_constant_folding_simple_20           939±30μs
[97.33%] ··· ...Folding.time_constant_folding_specialised_20            151±5μs
[97.50%] ··· rewriting.PatternRewriting.time_get_trait              1.35±0.08μs
[97.67%] ··· ...ng.PatternRewriting.time_insert_point_before        1.15±0.04μs
[97.83%] ··· rewriting.PatternRewriting.time_region_walk             12.9±0.2μs
[98.00%] ··· ...g.PatternRewriting.time_verify_variadic_size         4.20±0.1μs
[98.17%] ··· rewriting.PatternRewriting.time_worklist_pop            1.25±0.4μs
[98.33%] ··· rewriting.PatternRewriting.time_worklist_push           1.21±0.3μs
[98.50%] ··· rewriting.RegionDCE.time_liveset_delete_dead               104±5μs
[98.67%] ··· rewriting.RegionDCE.time_liveset_set_live               1.36±0.5μs
[98.83%] ··· rewriting.RegionDCE.time_post_order_iterator            6.06±0.1μs
[99.00%] ··· rewriting.RemoveUnused.time_is_trivially_dead          1.13±0.06μs
[99.17%] ··· ...moveUnused.time_operation_get_traits_of_type         1.72±0.1μs
[99.33%] ··· rewriting.RemoveUnused.time_result_only_effects         4.76±0.2μs
[99.50%] ··· ...ng.RemoveUnused.time_would_be_trivially_dead         8.15±0.3μs
[99.67%] ··· verifier.Verifier.time_constant_100                    2.37±0.02ms
[99.83%] ··· verifier.Verifier.time_constant_1000                    23.4±0.2ms
[100.00%] ··· verifier.Verifier.time_dense_attr_hex                   48.6±0.2μs
